2026-09-24 18:17:02.393 [MEMBERSHIP] Joined as 172.22.94.76:8000:1790291822393
2026-09-24 18:17:02.395 [MEMBERSHIP] New member added: 172.22.158.75:8000:1790291811940 (Status: ALIVE)
2026-09-24 18:17:02.395 [MEMBERSHIP] New member added: 172.22.94.75:8000:1790291813987 (Status: ALIVE)
2026-09-24 18:17:02.395 [MEMBERSHIP] New member added: 172.22.156.77:8000:1790291817254 (Status: ALIVE)
2026-09-24 18:17:02.395 [MEMBERSHIP] New member added: 172.22.158.76:8000:1790291819618 (Status: ALIVE)
2026-09-24 18:17:03.395 [BW] sent=3224 recv=4096 bytes over 1s
2026-09-24 18:17:04.394 [BW] sent=4096 recv=4096 bytes over 1s
2026-09-24 18:17:05.191 [MEMBERSHIP] New member added: 172.22.156.78:8000:1790291825154 (Status: ALIVE)
2026-09-24 18:17:05.394 [BW] sent=4102 recv=4791 bytes over 1s
2026-09-24 18:17:06.395 [BW] sent=4816 recv=5418 bytes over 1s
2026-09-24 18:17:07.394 [BW] sent=4816 recv=4214 bytes over 1s
2026-09-24 18:17:07.756 [MEMBERSHIP] New member added: 172.22.158.77:8000:1790291827519 (Status: ALIVE)
2026-09-24 18:17:08.395 [BW] sent=5176 recv=6139 bytes over 1s
2026-09-24 18:17:09.394 [BW] sent=5536 recv=5536 bytes over 1s
2026-09-24 18:17:10.270 [MEMBERSHIP] New member added: 172.22.94.77:8000:1790291829869 (Status: ALIVE)
2026-09-24 18:17:10.394 [BW] sent=5536 recv=5714 bytes over 1s
2026-09-24 18:17:11.394 [BW] sent=6248 recv=7029 bytes over 1s
2026-09-24 18:17:12.394 [BW] sent=6248 recv=4687 bytes over 1s
2026-09-24 18:17:12.722 [MEMBERSHIP] New member added: 172.22.156.79:8000:1790291832471 (Status: ALIVE)
2026-09-24 18:17:13.395 [BW] sent=6612 recv=5830 bytes over 1s
2026-09-24 18:17:14.395 [BW] sent=6968 recv=7839 bytes over 1s
2026-09-24 18:17:15.191 [MEMBERSHIP] New member added: 172.22.158.78:8000:1790291835084 (Status: ALIVE)
2026-09-24 18:17:15.395 [BW] sent=6970 recv=10725 bytes over 1s
2026-09-24 18:17:16.394 [BW] sent=7688 recv=7688 bytes over 1s
2026-09-24 18:17:17.394 [BW] sent=7692 recv=4809 bytes over 1s
2026-09-24 18:17:18.394 [BW] sent=7702 recv=9629 bytes over 1s
2026-09-24 18:17:19.395 [BW] sent=7708 recv=6746 bytes over 1s
2026-09-24 18:17:20.394 [BW] sent=7712 recv=8676 bytes over 1s
2026-09-24 18:17:21.394 [BW] sent=7712 recv=4820 bytes over 1s
2026-09-24 18:17:22.395 [BW] sent=7712 recv=6750 bytes over 1s
2026-09-24 18:17:23.395 [BW] sent=7720 recv=4825 bytes over 1s
2026-09-24 18:17:24.394 [BW] sent=7720 recv=4825 bytes over 1s
2026-09-24 18:17:25.395 [BW] sent=7726 recv=8694 bytes over 1s
2026-09-24 18:17:26.394 [BW] sent=7728 recv=9660 bytes over 1s
2026-09-24 18:17:27.394 [BW] sent=7730 recv=6763 bytes over 1s
2026-09-24 18:17:28.394 [BW] sent=7736 recv=6769 bytes over 1s
2026-09-24 18:17:29.394 [BW] sent=7736 recv=5802 bytes over 1s
2026-09-24 18:17:30.394 [BW] sent=7738 recv=8705 bytes over 1s
2026-09-24 18:17:31.395 [BW] sent=7744 recv=4840 bytes over 1s
2026-09-24 18:17:32.394 [BW] sent=7744 recv=9681 bytes over 1s
2026-09-24 18:17:33.394 [BW] sent=7752 recv=7752 bytes over 1s
2026-09-24 18:17:34.394 [BW] sent=7752 recv=6783 bytes over 1s
2026-09-24 18:17:34.794 [FAILURE] Detected failure of 172.22.94.75:8000:1790291813987: no heartbeat for 2.538s
2026-09-24 18:17:35.394 [BW] sent=7750 recv=4845 bytes over 1s
2026-09-24 18:17:36.395 [BW] sent=7752 recv=10659 bytes over 1s
2026-09-24 18:17:37.394 [BW] sent=7752 recv=5815 bytes over 1s
2026-09-24 18:17:38.394 [BW] sent=7760 recv=7760 bytes over 1s
2026-09-24 18:17:38.894 [MEMBERSHIP] Removed 172.22.94.75:8000:1790291813987 (DEAD)
2026-09-24 18:17:39.394 [BW] sent=7582 recv=6523 bytes over 1s
2026-09-24 18:17:40.394 [BW] sent=7050 recv=6171 bytes over 1s
2026-09-24 18:17:41.395 [BW] sent=7056 recv=2646 bytes over 1s
2026-09-24 18:17:42.395 [BW] sent=7056 recv=5292 bytes over 1s
2026-09-24 18:17:43.395 [BW] sent=7056 recv=4410 bytes over 1s
2026-09-24 18:17:44.394 [BW] sent=7056 recv=1764 bytes over 1s
2026-09-24 18:17:45.395 [BW] sent=7056 recv=6174 bytes over 1s
2026-09-24 18:17:46.394 [BW] sent=7056 recv=7056 bytes over 1s
2026-09-24 18:17:47.395 [BW] sent=7056 recv=6174 bytes over 1s
2026-09-24 18:17:48.394 [BW] sent=7056 recv=7938 bytes over 1s
2026-09-24 18:17:48.942 [MEMBERSHIP] New member added: 172.22.94.75:8000:1790291868864 (Status: ALIVE)
2026-09-24 18:17:49.394 [BW] sent=7232 recv=7232 bytes over 1s
2026-09-24 18:17:50.395 [BW] sent=7760 recv=9700 bytes over 1s
2026-09-24 18:17:51.394 [BW] sent=7760 recv=9700 bytes over 1s
2026-09-24 18:17:52.395 [BW] sent=7766 recv=12623 bytes over 1s
2026-09-24 18:17:53.394 [BW] sent=7768 recv=8739 bytes over 1s
2026-09-24 18:17:54.394 [BW] sent=7768 recv=7768 bytes over 1s
2026-09-24 18:17:55.394 [BW] sent=7768 recv=7768 bytes over 1s
2026-09-24 18:17:56.395 [BW] sent=7768 recv=9710 bytes over 1s
2026-09-24 18:17:57.395 [BW] sent=7768 recv=7768 bytes over 1s
2026-09-24 18:17:58.394 [BW] sent=7768 recv=3884 bytes over 1s
2026-09-24 18:17:59.394 [BW] sent=7768 recv=8739 bytes over 1s
2026-09-24 18:18:00.395 [BW] sent=7768 recv=10681 bytes over 1s
2026-09-24 18:18:01.395 [BW] sent=7768 recv=6797 bytes over 1s
2026-09-24 18:18:02.394 [BW] sent=7768 recv=10681 bytes over 1s
2026-09-24 18:18:03.394 [BW] sent=7768 recv=5826 bytes over 1s
2026-09-24 18:18:04.394 [BW] sent=7768 recv=9710 bytes over 1s
2026-09-24 18:18:05.394 [BW] sent=7768 recv=6797 bytes over 1s
2026-09-24 18:18:06.394 [BW] sent=7768 recv=5826 bytes over 1s
2026-09-24 18:18:07.395 [BW] sent=7768 recv=5826 bytes over 1s
2026-09-24 18:18:08.394 [BW] sent=7768 recv=8739 bytes over 1s
2026-09-24 18:18:08.942 [FAILURE] Communicated failure: 172.22.156.77:8000:1790291817254 confirmed DEAD
2026-09-24 18:18:09.395 [BW] sent=7766 recv=4852 bytes over 1s
2026-09-24 18:18:10.394 [BW] sent=7760 recv=6790 bytes over 1s
2026-09-24 18:18:11.395 [BW] sent=9700 recv=8730 bytes over 1s
2026-09-24 18:18:12.394 [BW] sent=5820 recv=5820 bytes over 1s
2026-09-24 18:18:12.994 [MEMBERSHIP] Removed 172.22.156.77:8000:1790291817254 (DEAD)
2026-09-24 18:18:13.394 [BW] sent=7580 recv=4670 bytes over 1s
2026-09-24 18:18:14.394 [BW] sent=7046 recv=7925 bytes over 1s
2026-09-24 18:18:15.394 [BW] sent=7048 recv=881 bytes over 1s
2026-09-24 18:18:16.394 [BW] sent=7048 recv=6167 bytes over 1s
2026-09-24 18:18:17.395 [BW] sent=7048 recv=8810 bytes over 1s
2026-09-24 18:18:18.394 [BW] sent=7048 recv=9691 bytes over 1s
2026-09-24 18:18:19.394 [BW] sent=7048 recv=7929 bytes over 1s
2026-09-24 18:18:20.394 [BW] sent=7048 recv=3524 bytes over 1s
2026-09-24 18:18:21.394 [BW] sent=7048 recv=10572 bytes over 1s
2026-09-24 18:18:22.394 [BW] sent=7048 recv=7929 bytes over 1s
2026-09-24 18:18:23.394 [BW] sent=7048 recv=9691 bytes over 1s
2026-09-24 18:18:24.191 [MEMBERSHIP] New member added: 172.22.156.77:8000:1790291904111 (Status: ALIVE)
2026-09-24 18:18:24.394 [BW] sent=7048 recv=8107 bytes over 1s
2026-09-24 18:18:25.394 [BW] sent=7760 recv=7582 bytes over 1s
2026-09-24 18:18:26.394 [BW] sent=7760 recv=8730 bytes over 1s
2026-09-24 18:18:27.394 [BW] sent=7764 recv=5825 bytes over 1s
2026-09-24 18:18:28.394 [BW] sent=7768 recv=9710 bytes over 1s
2026-09-24 18:18:29.394 [BW] sent=7768 recv=7768 bytes over 1s
2026-09-24 18:18:30.395 [BW] sent=7768 recv=5826 bytes over 1s
2026-09-24 18:18:31.395 [BW] sent=7768 recv=3884 bytes over 1s
2026-09-24 18:18:32.394 [BW] sent=7768 recv=5826 bytes over 1s
2026-09-24 18:18:33.394 [BW] sent=7768 recv=9710 bytes over 1s
2026-09-24 18:18:34.395 [BW] sent=7768 recv=7768 bytes over 1s
2026-09-24 18:18:35.394 [BW] sent=7768 recv=5826 bytes over 1s
2026-09-24 18:18:36.394 [BW] sent=7768 recv=9710 bytes over 1s
2026-09-24 18:18:37.394 [BW] sent=7768 recv=9710 bytes over 1s
2026-09-24 18:18:38.394 [BW] sent=7768 recv=4855 bytes over 1s
2026-09-24 18:18:39.394 [BW] sent=9710 recv=11652 bytes over 1s
2026-09-24 18:18:40.394 [BW] sent=5826 recv=6797 bytes over 1s
2026-09-24 18:18:41.394 [BW] sent=7768 recv=7768 bytes over 1s
2026-09-24 18:18:42.394 [BW] sent=7768 recv=7768 bytes over 1s
2026-09-24 18:18:43.395 [BW] sent=7768 recv=8739 bytes over 1s
2026-09-24 18:18:43.770 [FAILURE] Communicated failure: 172.22.158.76:8000:1790291819618 confirmed DEAD
2026-09-24 18:18:44.394 [BW] sent=7764 recv=7760 bytes over 1s
2026-09-24 18:18:45.394 [BW] sent=7760 recv=9700 bytes over 1s
2026-09-24 18:18:46.394 [BW] sent=7760 recv=8730 bytes over 1s
2026-09-24 18:18:47.395 [BW] sent=7760 recv=7760 bytes over 1s
2026-09-24 18:18:47.794 [MEMBERSHIP] Removed 172.22.158.76:8000:1790291819618 (DEAD)
2026-09-24 18:18:48.395 [BW] sent=7400 recv=7920 bytes over 1s
2026-09-24 18:18:49.395 [BW] sent=7042 recv=12327 bytes over 1s
2026-09-24 18:18:50.394 [BW] sent=7048 recv=9691 bytes over 1s
2026-09-24 18:18:51.394 [BW] sent=8810 recv=4405 bytes over 1s
2026-09-24 18:18:52.394 [BW] sent=5286 recv=7929 bytes over 1s
2026-09-24 18:18:53.394 [BW] sent=7048 recv=8810 bytes over 1s
2026-09-24 18:18:54.394 [BW] sent=7048 recv=8810 bytes over 1s
2026-09-24 18:18:55.394 [BW] sent=7048 recv=10572 bytes over 1s
2026-09-24 18:18:56.395 [BW] sent=7048 recv=7929 bytes over 1s
2026-09-24 18:18:57.395 [BW] sent=7048 recv=7929 bytes over 1s
2026-09-24 18:18:57.770 [MEMBERSHIP] New member added: 172.22.158.76:8000:1790291937490 (Status: ALIVE)
2026-09-24 18:18:58.395 [BW] sent=7404 recv=4583 bytes over 1s
2026-09-24 18:18:59.395 [BW] sent=7760 recv=10670 bytes over 1s
2026-09-24 18:19:00.394 [BW] sent=7762 recv=9703 bytes over 1s
2026-09-24 18:19:01.394 [BW] sent=7768 recv=8739 bytes over 1s
2026-09-24 18:19:02.394 [BW] sent=7768 recv=8739 bytes over 1s
2026-09-24 18:19:03.394 [BW] sent=7768 recv=9710 bytes over 1s
2026-09-24 18:19:04.394 [BW] sent=7768 recv=9710 bytes over 1s
2026-09-24 18:19:05.394 [BW] sent=7768 recv=11652 bytes over 1s
2026-09-24 18:19:06.394 [BW] sent=7768 recv=9710 bytes over 1s
2026-09-24 18:19:07.394 [BW] sent=7768 recv=8739 bytes over 1s
2026-09-24 18:19:08.394 [BW] sent=7768 recv=5826 bytes over 1s
2026-09-24 18:19:09.394 [BW] sent=7768 recv=6797 bytes over 1s
2026-09-24 18:19:10.394 [BW] sent=7768 recv=5826 bytes over 1s
2026-09-24 18:19:11.394 [BW] sent=7768 recv=7768 bytes over 1s
2026-09-24 18:19:12.394 [BW] sent=7768 recv=7768 bytes over 1s
2026-09-24 18:19:13.395 [BW] sent=9710 recv=6797 bytes over 1s
2026-09-24 18:19:14.394 [BW] sent=5826 recv=6797 bytes over 1s
2026-09-24 18:19:14.474 [KILL] SIGKILL on VM 5
2026-09-24 18:19:30.872 [MEMBERSHIP] Joined as 172.22.94.76:8000:1790291970872
2026-09-24 18:19:30.873 [MEMBERSHIP] New member added: 172.22.156.78:8000:1790291825154 (Status: ALIVE)
2026-09-24 18:19:30.873 [MEMBERSHIP] New member added: 172.22.158.77:8000:1790291827519 (Status: ALIVE)
2026-09-24 18:19:30.873 [MEMBERSHIP] New member added: 172.22.94.77:8000:1790291829869 (Status: ALIVE)
2026-09-24 18:19:30.873 [MEMBERSHIP] New member added: 172.22.158.78:8000:1790291835084 (Status: ALIVE)
2026-09-24 18:19:30.873 [MEMBERSHIP] New member added: 172.22.156.77:8000:1790291904111 (Status: ALIVE)
2026-09-24 18:19:30.873 [MEMBERSHIP] New member added: 172.22.158.76:8000:1790291937490 (Status: ALIVE)
2026-09-24 18:19:30.873 [MEMBERSHIP] New member added: 172.22.156.79:8000:1790291832471 (Status: ALIVE)
2026-09-24 18:19:30.873 [MEMBERSHIP] New member added: 172.22.158.75:8000:1790291811940 (Status: ALIVE)
2026-09-24 18:19:30.873 [MEMBERSHIP] New member added: 172.22.94.75:8000:1790291868864 (Status: ALIVE)
2026-09-24 18:19:31.873 [BW] sent=7912 recv=7760 bytes over 1s
2026-09-24 18:19:32.873 [BW] sent=5820 recv=10670 bytes over 1s
2026-09-24 18:19:33.872 [BW] sent=7766 recv=7766 bytes over 1s
2026-09-24 18:19:34.873 [BW] sent=7768 recv=8739 bytes over 1s
2026-09-24 18:19:35.873 [BW] sent=7768 recv=6797 bytes over 1s
2026-09-24 18:19:36.872 [BW] sent=7768 recv=3884 bytes over 1s
2026-09-24 18:19:37.872 [BW] sent=7768 recv=8739 bytes over 1s
2026-09-24 18:19:38.872 [BW] sent=7768 recv=4855 bytes over 1s
2026-09-24 18:19:39.872 [BW] sent=7768 recv=8739 bytes over 1s
2026-09-24 18:19:40.872 [BW] sent=7768 recv=6797 bytes over 1s
2026-09-24 18:19:41.872 [BW] sent=7768 recv=5826 bytes over 1s
2026-09-24 18:19:42.873 [BW] sent=9710 recv=13594 bytes over 1s
2026-09-24 18:19:43.873 [BW] sent=5826 recv=3884 bytes over 1s
2026-09-24 18:19:44.873 [BW] sent=7768 recv=11652 bytes over 1s
2026-09-24 18:19:45.872 [BW] sent=7768 recv=9710 bytes over 1s
2026-09-24 18:19:46.872 [BW] sent=7768 recv=5826 bytes over 1s
2026-09-24 18:19:47.872 [BW] sent=7768 recv=7768 bytes over 1s
2026-09-24 18:19:48.872 [BW] sent=7768 recv=9710 bytes over 1s
2026-09-24 18:19:49.872 [BW] sent=7768 recv=7768 bytes over 1s
2026-09-24 18:19:50.572 [FAILURE] Detected failure of 172.22.156.78:8000:1790291825154: no heartbeat for 2.58s
2026-09-24 18:19:50.873 [BW] sent=7766 recv=2912 bytes over 1s
2026-09-24 18:19:51.872 [BW] sent=7760 recv=8730 bytes over 1s
2026-09-24 18:19:52.873 [BW] sent=7760 recv=4850 bytes over 1s
2026-09-24 18:19:53.873 [BW] sent=7760 recv=7760 bytes over 1s
2026-09-24 18:19:54.673 [MEMBERSHIP] Removed 172.22.156.78:8000:1790291825154 (DEAD)
2026-09-24 18:19:54.872 [BW] sent=7760 recv=7490 bytes over 1s
2026-09-24 18:19:55.872 [BW] sent=7042 recv=7040 bytes over 1s
2026-09-24 18:19:56.872 [BW] sent=7048 recv=4405 bytes over 1s
2026-09-24 18:19:57.872 [BW] sent=7048 recv=6167 bytes over 1s
2026-09-24 18:19:58.873 [BW] sent=7048 recv=5286 bytes over 1s
2026-09-24 18:19:59.873 [BW] sent=7048 recv=3524 bytes over 1s
2026-09-24 18:20:00.873 [BW] sent=7048 recv=7929 bytes over 1s
2026-09-24 18:20:01.873 [BW] sent=7048 recv=5286 bytes over 1s
2026-09-24 18:20:02.872 [BW] sent=7048 recv=6167 bytes over 1s
2026-09-24 18:20:03.873 [BW] sent=7048 recv=6167 bytes over 1s
2026-09-24 18:20:04.873 [BW] sent=7048 recv=5286 bytes over 1s
2026-09-24 18:20:05.112 [MEMBERSHIP] New member added: 172.22.156.78:8000:1790292004763 (Status: ALIVE)
2026-09-24 18:20:05.873 [BW] sent=7582 recv=10670 bytes over 1s
2026-09-24 18:20:06.872 [BW] sent=7760 recv=12610 bytes over 1s
2026-09-24 18:20:07.872 [BW] sent=7764 recv=4853 bytes over 1s
2026-09-24 18:20:08.873 [BW] sent=7768 recv=7768 bytes over 1s
2026-09-24 18:20:09.873 [BW] sent=7768 recv=10681 bytes over 1s
2026-09-24 18:20:10.873 [BW] sent=7768 recv=8739 bytes over 1s
2026-09-24 18:20:11.872 [BW] sent=7768 recv=5826 bytes over 1s
2026-09-24 18:20:12.873 [BW] sent=7768 recv=9710 bytes over 1s
2026-09-24 18:20:13.872 [BW] sent=7768 recv=7768 bytes over 1s
2026-09-24 18:20:14.873 [BW] sent=7768 recv=6797 bytes over 1s
2026-09-24 18:20:15.872 [BW] sent=7768 recv=9710 bytes over 1s
2026-09-24 18:20:16.873 [BW] sent=7768 recv=6797 bytes over 1s
2026-09-24 18:20:17.872 [BW] sent=7768 recv=9710 bytes over 1s
2026-09-24 18:20:18.873 [BW] sent=7768 recv=4855 bytes over 1s
2026-09-24 18:20:19.873 [BW] sent=7768 recv=8739 bytes over 1s
2026-09-24 18:20:20.873 [BW] sent=7768 recv=7768 bytes over 1s
2026-09-24 18:20:21.873 [BW] sent=7768 recv=8739 bytes over 1s
2026-09-24 18:20:22.873 [BW] sent=7768 recv=6797 bytes over 1s
2026-09-24 18:20:23.872 [BW] sent=7768 recv=5826 bytes over 1s
2026-09-24 18:20:24.242 [FAILURE] Communicated failure: 172.22.94.77:8000:1790291829869 confirmed DEAD
2026-09-24 18:20:24.242 [FAILURE] Communicated failure: 172.22.158.77:8000:1790291827519 confirmed DEAD
2026-09-24 18:20:24.872 [BW] sent=7760 recv=10665 bytes over 1s
2026-09-24 18:20:25.872 [BW] sent=7752 recv=9690 bytes over 1s
2026-09-24 18:20:26.873 [BW] sent=7752 recv=8721 bytes over 1s
2026-09-24 18:20:27.872 [BW] sent=7752 recv=9690 bytes over 1s
2026-09-24 18:20:28.273 [MEMBERSHIP] Removed 172.22.94.77:8000:1790291829869 (DEAD)
2026-09-24 18:20:28.273 [MEMBERSHIP] Removed 172.22.158.77:8000:1790291827519 (DEAD)
2026-09-24 18:20:28.872 [BW] sent=7036 recv=7647 bytes over 1s
2026-09-24 18:20:29.873 [BW] sent=6320 recv=5530 bytes over 1s
2026-09-24 18:20:30.873 [BW] sent=6326 recv=3955 bytes over 1s
2026-09-24 18:20:31.872 [BW] sent=6328 recv=7119 bytes over 1s
2026-09-24 18:20:32.873 [BW] sent=6328 recv=6328 bytes over 1s
2026-09-24 18:20:33.873 [BW] sent=6328 recv=5537 bytes over 1s
2026-09-24 18:20:34.872 [BW] sent=6328 recv=5537 bytes over 1s
2026-09-24 18:20:35.872 [BW] sent=6328 recv=7910 bytes over 1s
2026-09-24 18:20:36.873 [BW] sent=7119 recv=3164 bytes over 1s
2026-09-24 18:20:37.873 [BW] sent=5537 recv=4746 bytes over 1s
2026-09-24 18:20:38.241 [MEMBERSHIP] New member added: 172.22.158.77:8000:1790292038140 (Status: ALIVE)
2026-09-24 18:20:38.872 [BW] sent=6684 recv=9591 bytes over 1s
2026-09-24 18:20:39.873 [BW] sent=7040 recv=11440 bytes over 1s
2026-09-24 18:20:40.765 [MEMBERSHIP] New member added: 172.22.94.77:8000:1790292040485 (Status: ALIVE)
2026-09-24 18:20:40.872 [BW] sent=7042 recv=13293 bytes over 1s
2026-09-24 18:20:41.873 [BW] sent=7752 recv=9690 bytes over 1s
2026-09-24 18:20:42.872 [BW] sent=7752 recv=5814 bytes over 1s
2026-09-24 18:20:43.872 [BW] sent=7756 recv=3880 bytes over 1s
2026-09-24 18:20:44.872 [BW] sent=7760 recv=6790 bytes over 1s
2026-09-24 18:20:45.873 [BW] sent=7760 recv=5820 bytes over 1s
2026-09-24 18:20:46.873 [BW] sent=7760 recv=8730 bytes over 1s
2026-09-24 18:20:47.872 [BW] sent=7760 recv=6790 bytes over 1s
2026-09-24 18:20:48.873 [BW] sent=7760 recv=7760 bytes over 1s
2026-09-24 18:20:49.872 [BW] sent=7760 recv=5820 bytes over 1s
2026-09-24 18:20:50.872 [BW] sent=7760 recv=11640 bytes over 1s
2026-09-24 18:20:51.873 [BW] sent=7760 recv=6790 bytes over 1s
2026-09-24 18:20:52.873 [BW] sent=7760 recv=2910 bytes over 1s
2026-09-24 18:20:53.873 [BW] sent=7760 recv=6790 bytes over 1s
2026-09-24 18:20:54.872 [BW] sent=7760 recv=6790 bytes over 1s
2026-09-24 18:20:55.872 [BW] sent=7760 recv=6790 bytes over 1s
2026-09-24 18:20:56.872 [BW] sent=7760 recv=4850 bytes over 1s
2026-09-24 18:20:57.873 [BW] sent=7760 recv=5820 bytes over 1s
2026-09-24 18:20:58.873 [BW] sent=7760 recv=6790 bytes over 1s
2026-09-24 18:20:59.872 [BW] sent=7760 recv=9700 bytes over 1s
2026-09-24 18:20:59.986 [FAILURE] Communicated failure: 172.22.158.78:8000:1790291835084 confirmed DEAD
2026-09-24 18:20:59.986 [FAILURE] Communicated failure: 172.22.156.79:8000:1790291832471 confirmed DEAD
2026-09-24 18:21:00.872 [BW] sent=7748 recv=7746 bytes over 1s
2026-09-24 18:21:01.873 [BW] sent=7744 recv=11618 bytes over 1s
2026-09-24 18:21:02.872 [BW] sent=7752 recv=10658 bytes over 1s
2026-09-24 18:21:03.873 [BW] sent=7758 recv=7758 bytes over 1s
2026-09-24 18:21:04.073 [MEMBERSHIP] Removed 172.22.156.79:8000:1790291832471 (DEAD)
2026-09-24 18:21:04.073 [MEMBERSHIP] Removed 172.22.158.78:8000:1790291835084 (DEAD)
2026-09-24 18:21:04.873 [BW] sent=6680 recv=7650 bytes over 1s
2026-09-24 18:21:05.872 [BW] sent=6320 recv=4742 bytes over 1s
2026-09-24 18:21:06.872 [BW] sent=6328 recv=6328 bytes over 1s
2026-09-24 18:21:07.873 [BW] sent=7910 recv=3164 bytes over 1s
2026-09-24 18:21:08.873 [BW] sent=4746 recv=10283 bytes over 1s
2026-09-24 18:21:09.872 [BW] sent=6328 recv=3955 bytes over 1s
2026-09-24 18:21:10.872 [BW] sent=7910 recv=7910 bytes over 1s
2026-09-24 18:21:11.872 [BW] sent=4746 recv=7910 bytes over 1s
2026-09-24 18:21:12.872 [BW] sent=6328 recv=7119 bytes over 1s
2026-09-24 18:21:13.872 [BW] sent=6328 recv=4746 bytes over 1s
2026-09-24 18:21:14.872 [BW] sent=6328 recv=5537 bytes over 1s
2026-09-24 18:21:15.362 [MEMBERSHIP] New member added: 172.22.156.79:8000:1790292075019 (Status: ALIVE)
2026-09-24 18:21:15.872 [BW] sent=6684 recv=4222 bytes over 1s
2026-09-24 18:21:16.873 [BW] sent=7040 recv=4400 bytes over 1s
2026-09-24 18:21:17.873 [BW] sent=7044 recv=6164 bytes over 1s
2026-09-24 18:21:18.381 [MEMBERSHIP] New member added: 172.22.158.78:8000:1790292078129 (Status: ALIVE)
2026-09-24 18:21:18.872 [BW] sent=7226 recv=6523 bytes over 1s
2026-09-24 18:21:19.872 [BW] sent=7760 recv=4850 bytes over 1s
2026-09-24 18:21:20.872 [BW] sent=7762 recv=6793 bytes over 1s
2026-09-24 18:21:21.872 [BW] sent=7768 recv=6797 bytes over 1s
2026-09-24 18:21:22.872 [BW] sent=7768 recv=3884 bytes over 1s
2026-09-24 18:21:23.873 [BW] sent=7768 recv=7768 bytes over 1s
2026-09-24 18:21:24.872 [BW] sent=7768 recv=7768 bytes over 1s
2026-09-24 18:21:25.873 [BW] sent=7768 recv=8739 bytes over 1s
2026-09-24 18:21:26.873 [BW] sent=7768 recv=6797 bytes over 1s
2026-09-24 18:21:27.872 [BW] sent=7768 recv=7768 bytes over 1s
2026-09-24 18:21:28.873 [BW] sent=7768 recv=7768 bytes over 1s
2026-09-24 18:21:29.873 [BW] sent=7768 recv=7768 bytes over 1s
2026-09-24 18:21:30.873 [BW] sent=7768 recv=5826 bytes over 1s
2026-09-24 18:21:31.872 [BW] sent=7768 recv=13594 bytes over 1s
2026-09-24 18:21:32.873 [BW] sent=7768 recv=5826 bytes over 1s
2026-09-24 18:21:33.873 [BW] sent=7768 recv=14565 bytes over 1s
2026-09-24 18:21:34.873 [BW] sent=7768 recv=3884 bytes over 1s
2026-09-24 18:21:35.872 [BW] sent=7768 recv=4855 bytes over 1s
2026-09-24 18:21:36.873 [BW] sent=7768 recv=5826 bytes over 1s
2026-09-24 18:21:37.873 [BW] sent=7768 recv=6797 bytes over 1s
2026-09-24 18:21:38.519 [FAILURE] Communicated failure: 172.22.94.75:8000:1790291868864 confirmed DEAD
2026-09-24 18:21:38.872 [BW] sent=7766 recv=4853 bytes over 1s
2026-09-24 18:21:39.072 [FAILURE] Detected failure of 172.22.156.77:8000:1790291904111: no heartbeat for 2.581s
2026-09-24 18:21:39.873 [BW] sent=7754 recv=4847 bytes over 1s
2026-09-24 18:21:40.872 [BW] sent=7756 recv=3879 bytes over 1s
2026-09-24 18:21:41.873 [BW] sent=7760 recv=8730 bytes over 1s
2026-09-24 18:21:42.572 [MEMBERSHIP] Removed 172.22.94.75:8000:1790291868864 (DEAD)
2026-09-24 18:21:42.873 [BW] sent=7582 recv=6523 bytes over 1s
2026-09-24 18:21:43.173 [MEMBERSHIP] Removed 172.22.156.77:8000:1790291904111 (DEAD)
2026-09-24 18:21:43.873 [BW] sent=6692 recv=8710 bytes over 1s
2026-09-24 18:21:44.872 [BW] sent=6336 recv=8712 bytes over 1s
2026-09-24 18:21:45.873 [BW] sent=6336 recv=7128 bytes over 1s
2026-09-24 18:21:46.873 [BW] sent=6336 recv=5544 bytes over 1s
2026-09-24 18:21:47.873 [BW] sent=6336 recv=5544 bytes over 1s
2026-09-24 18:21:48.873 [BW] sent=7920 recv=6336 bytes over 1s
2026-09-24 18:21:49.872 [BW] sent=4752 recv=4752 bytes over 1s
2026-09-24 18:21:50.873 [BW] sent=6336 recv=8712 bytes over 1s
2026-09-24 18:21:51.873 [BW] sent=6336 recv=4752 bytes over 1s
2026-09-24 18:21:52.873 [BW] sent=6336 recv=7128 bytes over 1s
2026-09-24 18:21:53.491 [MEMBERSHIP] New member added: 172.22.94.75:8000:1790292113112 (Status: ALIVE)
2026-09-24 18:21:53.872 [BW] sent=6512 recv=5896 bytes over 1s
2026-09-24 18:21:54.873 [BW] sent=7040 recv=6160 bytes over 1s
2026-09-24 18:21:55.873 [BW] sent=7044 recv=7924 bytes over 1s
2026-09-24 18:21:56.519 [MEMBERSHIP] New member added: 172.22.156.77:8000:1790292116377 (Status: ALIVE)
2026-09-24 18:21:56.873 [BW] sent=7226 recv=11106 bytes over 1s
2026-09-24 18:21:57.872 [BW] sent=7760 recv=3880 bytes over 1s
2026-09-24 18:21:58.873 [BW] sent=7760 recv=8731 bytes over 1s
2026-09-24 18:21:59.872 [BW] sent=7768 recv=10680 bytes over 1s
2026-09-24 18:22:00.873 [BW] sent=7768 recv=7768 bytes over 1s
2026-09-24 18:22:01.872 [BW] sent=7768 recv=3884 bytes over 1s
2026-09-24 18:22:02.872 [BW] sent=7768 recv=11652 bytes over 1s
2026-09-24 18:22:03.872 [BW] sent=7768 recv=4855 bytes over 1s
2026-09-24 18:22:04.873 [BW] sent=7768 recv=3884 bytes over 1s
2026-09-24 18:22:05.873 [BW] sent=7768 recv=3884 bytes over 1s
2026-09-24 18:22:06.872 [BW] sent=7768 recv=9710 bytes over 1s
2026-09-24 18:22:07.872 [BW] sent=7768 recv=6797 bytes over 1s
2026-09-24 18:22:08.873 [BW] sent=7768 recv=10681 bytes over 1s
2026-09-24 18:22:09.872 [BW] sent=7768 recv=8739 bytes over 1s
2026-09-24 18:22:10.873 [BW] sent=7768 recv=9710 bytes over 1s
2026-09-24 18:22:11.872 [BW] sent=7768 recv=11652 bytes over 1s
2026-09-24 18:22:12.872 [BW] sent=7768 recv=10681 bytes over 1s
2026-09-24 18:22:13.813 [KILL] SIGKILL on VM 5
2026-09-24 18:22:32.881 [MEMBERSHIP] Joined as 172.22.94.76:8000:1790292152881
2026-09-24 18:22:32.882 [MEMBERSHIP] New member added: 172.22.158.77:8000:1790292038140 (Status: ALIVE)
2026-09-24 18:22:32.882 [MEMBERSHIP] New member added: 172.22.156.79:8000:1790292075019 (Status: ALIVE)
2026-09-24 18:22:32.882 [MEMBERSHIP] New member added: 172.22.94.77:8000:1790292040485 (Status: ALIVE)
2026-09-24 18:22:32.882 [MEMBERSHIP] New member added: 172.22.158.75:8000:1790291811940 (Status: ALIVE)
2026-09-24 18:22:32.882 [MEMBERSHIP] New member added: 172.22.94.75:8000:1790292113112 (Status: ALIVE)
2026-09-24 18:22:32.882 [MEMBERSHIP] New member added: 172.22.158.76:8000:1790292150531 (Status: ALIVE)
2026-09-24 18:22:32.882 [MEMBERSHIP] New member added: 172.22.156.78:8000:1790292004763 (Status: ALIVE)
2026-09-24 18:22:32.882 [MEMBERSHIP] New member added: 172.22.158.78:8000:1790292078129 (Status: ALIVE)
2026-09-24 18:22:32.882 [MEMBERSHIP] New member added: 172.22.156.77:8000:1790292116377 (Status: ALIVE)
2026-09-24 18:22:33.881 [BW] sent=5972 recv=11638 bytes over 1s
2026-09-24 18:22:34.881 [BW] sent=7760 recv=6790 bytes over 1s
2026-09-24 18:22:35.882 [BW] sent=7766 recv=11644 bytes over 1s
2026-09-24 18:22:36.882 [BW] sent=7768 recv=7768 bytes over 1s
2026-09-24 18:22:37.882 [BW] sent=9710 recv=8739 bytes over 1s
2026-09-24 18:22:38.882 [BW] sent=5826 recv=6797 bytes over 1s
2026-09-24 18:22:39.882 [BW] sent=7768 recv=11652 bytes over 1s
2026-09-24 18:22:40.882 [BW] sent=7768 recv=5826 bytes over 1s
2026-09-24 18:22:41.882 [BW] sent=7768 recv=8739 bytes over 1s
2026-09-24 18:22:42.882 [BW] sent=7768 recv=5826 bytes over 1s
2026-09-24 18:22:43.881 [BW] sent=7768 recv=6797 bytes over 1s
2026-09-24 18:22:44.881 [BW] sent=7768 recv=8739 bytes over 1s
2026-09-24 18:22:45.882 [BW] sent=7768 recv=7768 bytes over 1s
2026-09-24 18:22:46.881 [BW] sent=7768 recv=6797 bytes over 1s
2026-09-24 18:22:47.882 [BW] sent=7768 recv=6797 bytes over 1s
2026-09-24 18:22:48.882 [BW] sent=7768 recv=7768 bytes over 1s
2026-09-24 18:22:49.882 [BW] sent=7768 recv=8739 bytes over 1s
2026-09-24 18:22:50.881 [BW] sent=7768 recv=5826 bytes over 1s
2026-09-24 18:22:51.881 [BW] sent=7768 recv=7768 bytes over 1s
2026-09-24 18:22:52.737 [FAILURE] Communicated failure: 172.22.158.77:8000:1790292038140 confirmed DEAD
2026-09-24 18:22:52.881 [BW] sent=7768 recv=10680 bytes over 1s
2026-09-24 18:22:52.881 [FAILURE] Detected failure of 172.22.156.78:8000:1790292004763: no heartbeat for 2.598s
2026-09-24 18:22:53.881 [BW] sent=9692 recv=10659 bytes over 1s
2026-09-24 18:22:54.882 [BW] sent=5814 recv=5814 bytes over 1s
2026-09-24 18:22:55.881 [BW] sent=9696 recv=8727 bytes over 1s
2026-09-24 18:22:56.781 [MEMBERSHIP] Removed 172.22.158.77:8000:1790292038140 (DEAD)
2026-09-24 18:22:56.881 [MEMBERSHIP] Removed 172.22.156.78:8000:1790292004763 (DEAD)
2026-09-24 18:22:56.881 [BW] sent=5820 recv=10670 bytes over 1s
2026-09-24 18:22:57.881 [BW] sent=6322 recv=8692 bytes over 1s
2026-09-24 18:22:58.882 [BW] sent=7910 recv=3955 bytes over 1s
2026-09-24 18:22:59.882 [BW] sent=4746 recv=4746 bytes over 1s
2026-09-24 18:23:00.882 [BW] sent=6328 recv=8701 bytes over 1s
2026-09-24 18:23:01.882 [BW] sent=7910 recv=4746 bytes over 1s
2026-09-24 18:23:02.881 [BW] sent=4746 recv=7119 bytes over 1s
2026-09-24 18:23:03.882 [BW] sent=6328 recv=6328 bytes over 1s
2026-09-24 18:23:04.882 [BW] sent=6328 recv=7910 bytes over 1s
2026-09-24 18:23:05.881 [BW] sent=6328 recv=5537 bytes over 1s
2026-09-24 18:23:06.882 [BW] sent=6328 recv=6328 bytes over 1s
2026-09-24 18:23:07.631 [MEMBERSHIP] New member added: 172.22.156.78:8000:1790292187235 (Status: ALIVE)
2026-09-24 18:23:07.882 [BW] sent=6506 recv=7297 bytes over 1s
2026-09-24 18:23:08.882 [BW] sent=7040 recv=7040 bytes over 1s
2026-09-24 18:23:09.868 [MEMBERSHIP] New member added: 172.22.158.77:8000:1790292189617 (Status: ALIVE)
2026-09-24 18:23:09.881 [BW] sent=7042 recv=6253 bytes over 1s
2026-09-24 18:23:10.881 [BW] sent=9700 recv=9700 bytes over 1s
2026-09-24 18:23:11.882 [BW] sent=5820 recv=6790 bytes over 1s
2026-09-24 18:23:12.881 [BW] sent=7764 recv=11650 bytes over 1s
2026-09-24 18:23:13.881 [BW] sent=7768 recv=3884 bytes over 1s
2026-09-24 18:23:14.881 [BW] sent=7768 recv=6797 bytes over 1s
2026-09-24 18:23:15.882 [BW] sent=7768 recv=6797 bytes over 1s
2026-09-24 18:23:16.882 [BW] sent=7768 recv=9710 bytes over 1s
2026-09-24 18:23:17.881 [BW] sent=7768 recv=5826 bytes over 1s
2026-09-24 18:23:18.882 [BW] sent=7768 recv=8739 bytes over 1s
2026-09-24 18:23:19.881 [BW] sent=7768 recv=4855 bytes over 1s
2026-09-24 18:23:20.881 [BW] sent=7768 recv=8739 bytes over 1s
2026-09-24 18:23:21.881 [BW] sent=9710 recv=7768 bytes over 1s
2026-09-24 18:23:22.881 [BW] sent=5826 recv=3884 bytes over 1s
2026-09-24 18:23:23.881 [BW] sent=7768 recv=5826 bytes over 1s
2026-09-24 18:23:24.881 [BW] sent=7768 recv=5826 bytes over 1s
2026-09-24 18:23:25.881 [BW] sent=7768 recv=10681 bytes over 1s
2026-09-24 18:23:26.881 [BW] sent=7768 recv=5826 bytes over 1s
2026-09-24 18:23:27.882 [BW] sent=7768 recv=971 bytes over 1s
2026-09-24 18:23:28.882 [BW] sent=9710 recv=6797 bytes over 1s
2026-09-24 18:23:29.581 [FAILURE] Detected failure of 172.22.156.79:8000:1790292075019: no heartbeat for 2.594s
2026-09-24 18:23:29.581 [FAILURE] Detected failure of 172.22.94.77:8000:1790292040485: no heartbeat for 2.594s
2026-09-24 18:23:29.581 [FAILURE] Detected failure of 172.22.158.78:8000:1790292078129: no heartbeat for 2.594s
2026-09-24 18:23:29.881 [BW] sent=7756 recv=2910 bytes over 1s
2026-09-24 18:23:30.881 [BW] sent=5808 recv=7744 bytes over 1s
2026-09-24 18:23:31.882 [BW] sent=7744 recv=7744 bytes over 1s
2026-09-24 18:23:32.882 [BW] sent=9686 recv=8720 bytes over 1s
2026-09-24 18:23:33.582 [MEMBERSHIP] Removed 172.22.156.79:8000:1790292075019 (DEAD)
2026-09-24 18:23:33.582 [MEMBERSHIP] Removed 172.22.94.77:8000:1790292040485 (DEAD)
2026-09-24 18:23:33.582 [MEMBERSHIP] Removed 172.22.158.78:8000:1790292078129 (DEAD)
2026-09-24 18:23:33.881 [BW] sent=5276 recv=9241 bytes over 1s
2026-09-24 18:23:34.881 [BW] sent=7006 recv=7704 bytes over 1s
2026-09-24 18:23:35.881 [BW] sent=5608 recv=5608 bytes over 1s
2026-09-24 18:23:36.882 [BW] sent=4206 recv=5608 bytes over 1s
2026-09-24 18:23:37.882 [BW] sent=5608 recv=4206 bytes over 1s
2026-09-24 18:23:38.881 [BW] sent=5608 recv=4907 bytes over 1s
2026-09-24 18:23:39.881 [BW] sent=5608 recv=5608 bytes over 1s
2026-09-24 18:23:40.882 [BW] sent=5608 recv=9814 bytes over 1s
2026-09-24 18:23:41.881 [BW] sent=5608 recv=3505 bytes over 1s
2026-09-24 18:23:42.881 [BW] sent=5608 recv=4907 bytes over 1s
2026-09-24 18:23:43.442 [MEMBERSHIP] New member added: 172.22.94.77:8000:1790292223411 (Status: ALIVE)
2026-09-24 18:23:43.881 [BW] sent=7362 recv=4294 bytes over 1s
2026-09-24 18:23:44.881 [BW] sent=4734 recv=7013 bytes over 1s
2026-09-24 18:23:45.882 [BW] sent=6312 recv=5524 bytes over 1s
2026-09-24 18:23:46.628 [MEMBERSHIP] New member added: 172.22.156.79:8000:1790292226233 (Status: ALIVE)
2026-09-24 18:23:46.881 [BW] sent=8256 recv=5708 bytes over 1s
2026-09-24 18:23:47.881 [BW] sent=5274 recv=9669 bytes over 1s
2026-09-24 18:23:48.882 [BW] sent=7032 recv=7912 bytes over 1s
2026-09-24 18:23:49.118 [MEMBERSHIP] New member added: 172.22.158.78:8000:1790292228869 (Status: ALIVE)
2026-09-24 18:23:49.881 [BW] sent=7574 recv=7752 bytes over 1s
2026-09-24 18:23:50.881 [BW] sent=7752 recv=7752 bytes over 1s
2026-09-24 18:23:51.882 [BW] sent=7752 recv=3878 bytes over 1s
2026-09-24 18:23:52.881 [BW] sent=7760 recv=7760 bytes over 1s
2026-09-24 18:23:53.882 [BW] sent=7760 recv=5820 bytes over 1s
2026-09-24 18:23:54.881 [BW] sent=7760 recv=6790 bytes over 1s
2026-09-24 18:23:55.881 [BW] sent=7760 recv=8730 bytes over 1s
2026-09-24 18:23:56.881 [BW] sent=7760 recv=8730 bytes over 1s
2026-09-24 18:23:57.881 [BW] sent=9700 recv=7760 bytes over 1s
2026-09-24 18:23:58.881 [BW] sent=6790 recv=7760 bytes over 1s
2026-09-24 18:23:59.881 [BW] sent=6790 recv=5820 bytes over 1s
2026-09-24 18:24:00.882 [BW] sent=7760 recv=9700 bytes over 1s
2026-09-24 18:24:01.882 [BW] sent=7760 recv=1940 bytes over 1s
2026-09-24 18:24:02.881 [BW] sent=7760 recv=5820 bytes over 1s
2026-09-24 18:24:03.881 [BW] sent=7760 recv=7760 bytes over 1s
2026-09-24 18:24:04.882 [BW] sent=7760 recv=10670 bytes over 1s
2026-09-24 18:24:05.881 [BW] sent=9700 recv=10670 bytes over 1s
2026-09-24 18:24:06.881 [BW] sent=5820 recv=4850 bytes over 1s
2026-09-24 18:24:07.882 [BW] sent=7760 recv=2910 bytes over 1s
2026-09-24 18:24:08.381 [FAILURE] Detected failure of 172.22.94.75:8000:1790292113112: no heartbeat for 2.51s
2026-09-24 18:24:08.413 [FAILURE] Communicated failure: 172.22.158.76:8000:1790292150531 confirmed DEAD
2026-09-24 18:24:08.882 [BW] sent=7758 recv=7758 bytes over 1s
2026-09-24 18:24:08.882 [FAILURE] Detected failure of 172.22.156.77:8000:1790292116377: no heartbeat for 2.502s
2026-09-24 18:24:09.881 [BW] sent=7744 recv=5808 bytes over 1s
2026-09-24 18:24:10.881 [BW] sent=7744 recv=7744 bytes over 1s
2026-09-24 18:24:11.881 [BW] sent=7750 recv=7751 bytes over 1s
2026-09-24 18:24:12.382 [MEMBERSHIP] Removed 172.22.94.75:8000:1790292113112 (DEAD)
2026-09-24 18:24:12.482 [MEMBERSHIP] Removed 172.22.158.76:8000:1790292150531 (DEAD)
2026-09-24 18:24:12.881 [BW] sent=7216 recv=6335 bytes over 1s
2026-09-24 18:24:12.881 [MEMBERSHIP] Removed 172.22.156.77:8000:1790292116377 (DEAD)
2026-09-24 18:24:13.882 [BW] sent=5600 recv=6392 bytes over 1s
2026-09-24 18:24:14.882 [BW] sent=5608 recv=2804 bytes over 1s
2026-09-24 18:24:15.882 [BW] sent=5608 recv=7010 bytes over 1s
2026-09-24 18:24:16.882 [BW] sent=5608 recv=5608 bytes over 1s
2026-09-24 18:24:17.881 [BW] sent=5608 recv=4907 bytes over 1s
2026-09-24 18:24:18.882 [BW] sent=5608 recv=7010 bytes over 1s
2026-09-24 18:24:19.882 [BW] sent=5608 recv=5608 bytes over 1s
2026-09-24 18:24:20.881 [BW] sent=5608 recv=4907 bytes over 1s
2026-09-24 18:24:21.882 [BW] sent=7010 recv=7010 bytes over 1s
2026-09-24 18:24:22.881 [BW] sent=5608 recv=3505 bytes over 1s
2026-09-24 18:24:23.191 [MEMBERSHIP] New member added: 172.22.94.75:8000:1790292263125 (Status: ALIVE)
2026-09-24 18:24:23.881 [BW] sent=4558 recv=8940 bytes over 1s
2026-09-24 18:24:24.881 [BW] sent=6312 recv=7101 bytes over 1s
2026-09-24 18:24:25.882 [BW] sent=6314 recv=8685 bytes over 1s
2026-09-24 18:24:26.443 [MEMBERSHIP] New member added: 172.22.156.77:8000:1790292266191 (Status: ALIVE)
2026-09-24 18:24:26.882 [BW] sent=6498 recv=8345 bytes over 1s
2026-09-24 18:24:27.881 [BW] sent=7032 recv=9669 bytes over 1s
2026-09-24 18:24:28.736 [MEMBERSHIP] New member added: 172.22.158.76:8000:1790292268648 (Status: ALIVE)
2026-09-24 18:24:28.882 [BW] sent=7032 recv=7123 bytes over 1s
2026-09-24 18:24:29.881 [BW] sent=7752 recv=4756 bytes over 1s
2026-09-24 18:24:30.882 [BW] sent=7752 recv=5814 bytes over 1s
2026-09-24 18:24:31.882 [BW] sent=9698 recv=8728 bytes over 1s
2026-09-24 18:24:32.881 [BW] sent=7760 recv=6790 bytes over 1s
2026-09-24 18:24:33.881 [BW] sent=7760 recv=7760 bytes over 1s
2026-09-24 18:24:34.882 [BW] sent=5820 recv=5820 bytes over 1s
2026-09-24 18:24:35.882 [BW] sent=7760 recv=7760 bytes over 1s
2026-09-24 18:24:36.882 [BW] sent=7760 recv=6790 bytes over 1s
2026-09-24 18:24:37.881 [BW] sent=7760 recv=9700 bytes over 1s
2026-09-24 18:24:38.881 [BW] sent=7760 recv=10670 bytes over 1s
2026-09-24 18:24:39.882 [BW] sent=7760 recv=5820 bytes over 1s
2026-09-24 18:24:40.882 [BW] sent=7760 recv=10670 bytes over 1s
2026-09-24 18:24:41.882 [BW] sent=7760 recv=5820 bytes over 1s
2026-09-24 18:24:42.882 [BW] sent=7760 recv=5820 bytes over 1s
2026-09-24 18:24:43.881 [BW] sent=7760 recv=8730 bytes over 1s
2026-09-24 18:24:44.883 [BW] sent=7760 recv=8730 bytes over 1s
2026-09-24 18:24:45.671 [KILL] SIGKILL on VM 5
2026-09-24 18:25:02.379 [MEMBERSHIP] Joined as 172.22.94.76:8000:1790292302379
2026-09-24 18:25:02.384 [MEMBERSHIP] New member added: 172.22.156.79:8000:1790292226233 (Status: ALIVE)
2026-09-24 18:25:02.384 [MEMBERSHIP] New member added: 172.22.158.78:8000:1790292228869 (Status: ALIVE)
2026-09-24 18:25:02.384 [MEMBERSHIP] New member added: 172.22.94.77:8000:1790292223411 (Status: ALIVE)
2026-09-24 18:25:02.384 [MEMBERSHIP] New member added: 172.22.158.76:8000:1790292268648 (Status: ALIVE)
2026-09-24 18:25:02.384 [MEMBERSHIP] New member added: 172.22.158.75:8000:1790291811940 (Status: ALIVE)
2026-09-24 18:25:02.384 [MEMBERSHIP] New member added: 172.22.94.75:8000:1790292263125 (Status: ALIVE)
2026-09-24 18:25:02.384 [MEMBERSHIP] New member added: 172.22.156.77:8000:1790292266191 (Status: ALIVE)
2026-09-24 18:25:03.380 [BW] sent=4886 recv=8679 bytes over 1s
2026-09-24 18:25:04.380 [BW] sent=6312 recv=3945 bytes over 1s
2026-09-24 18:25:05.191 [MEMBERSHIP] New member added: 172.22.156.78:8000:1790292304963 (Status: ALIVE)
2026-09-24 18:25:05.380 [BW] sent=6318 recv=5705 bytes over 1s
2026-09-24 18:25:06.380 [BW] sent=7032 recv=5274 bytes over 1s
2026-09-24 18:25:07.380 [BW] sent=7032 recv=7912 bytes over 1s
2026-09-24 18:25:07.899 [MEMBERSHIP] New member added: 172.22.158.77:8000:1790292307407 (Status: ALIVE)
2026-09-24 18:25:08.381 [BW] sent=7218 recv=8362 bytes over 1s
2026-09-24 18:25:09.380 [BW] sent=7752 recv=9690 bytes over 1s
2026-09-24 18:25:10.380 [BW] sent=7752 recv=7755 bytes over 1s
2026-09-24 18:25:11.380 [BW] sent=9700 recv=7760 bytes over 1s
2026-09-24 18:25:12.380 [BW] sent=5820 recv=12610 bytes over 1s
2026-09-24 18:25:13.380 [BW] sent=7760 recv=7760 bytes over 1s
2026-09-24 18:25:14.380 [BW] sent=7760 recv=8730 bytes over 1s
2026-09-24 18:25:15.380 [BW] sent=7760 recv=6790 bytes over 1s
2026-09-24 18:25:16.380 [BW] sent=7760 recv=6790 bytes over 1s
2026-09-24 18:25:17.381 [BW] sent=7760 recv=8730 bytes over 1s
2026-09-24 18:25:18.380 [BW] sent=7760 recv=9700 bytes over 1s
2026-09-24 18:25:19.380 [BW] sent=7760 recv=9700 bytes over 1s
2026-09-24 18:25:20.380 [BW] sent=7760 recv=11640 bytes over 1s
2026-09-24 18:25:21.380 [BW] sent=8730 recv=9700 bytes over 1s
2026-09-24 18:25:22.380 [BW] sent=6790 recv=8730 bytes over 1s
2026-09-24 18:25:23.380 [BW] sent=7760 recv=11640 bytes over 1s
2026-09-24 18:25:24.380 [BW] sent=7760 recv=5820 bytes over 1s
2026-09-24 18:25:25.379 [BW] sent=7760 recv=3880 bytes over 1s
2026-09-24 18:25:26.380 [BW] sent=7760 recv=5820 bytes over 1s
2026-09-24 18:25:26.941 [FAILURE] Communicated failure: 172.22.94.77:8000:1790292223411 confirmed DEAD
2026-09-24 18:25:27.191 [FAILURE] Communicated failure: 172.22.156.79:8000:1790292226233 confirmed DEAD
2026-09-24 18:25:27.380 [BW] sent=7760 recv=9695 bytes over 1s
2026-09-24 18:25:27.441 [FAILURE] Communicated failure: 172.22.158.78:8000:1790292228869 confirmed DEAD
2026-09-24 18:25:28.380 [BW] sent=7746 recv=5810 bytes over 1s
2026-09-24 18:25:29.380 [BW] sent=7744 recv=6776 bytes over 1s
2026-09-24 18:25:30.380 [BW] sent=7744 recv=4843 bytes over 1s
2026-09-24 18:25:30.980 [MEMBERSHIP] Removed 172.22.94.77:8000:1790292223411 (DEAD)
2026-09-24 18:25:31.280 [MEMBERSHIP] Removed 172.22.156.79:8000:1790292226233 (DEAD)
2026-09-24 18:25:31.380 [BW] sent=7574 recv=2818 bytes over 1s
2026-09-24 18:25:31.480 [MEMBERSHIP] Removed 172.22.158.78:8000:1790292228869 (DEAD)
2026-09-24 18:25:32.380 [BW] sent=5780 recv=5870 bytes over 1s
2026-09-24 18:25:33.380 [BW] sent=5606 recv=8412 bytes over 1s
2026-09-24 18:25:34.379 [BW] sent=5608 recv=6309 bytes over 1s
2026-09-24 18:25:35.380 [BW] sent=5608 recv=5608 bytes over 1s
2026-09-24 18:25:36.380 [BW] sent=5608 recv=4907 bytes over 1s
2026-09-24 18:25:37.380 [BW] sent=5608 recv=4907 bytes over 1s
2026-09-24 18:25:38.380 [BW] sent=5608 recv=6309 bytes over 1s
2026-09-24 18:25:39.380 [BW] sent=7010 recv=6309 bytes over 1s
2026-09-24 18:25:40.380 [BW] sent=4206 recv=7010 bytes over 1s
2026-09-24 18:25:41.380 [BW] sent=5608 recv=4907 bytes over 1s
2026-09-24 18:25:41.691 [MEMBERSHIP] New member added: 172.22.94.77:8000:1790292341448 (Status: ALIVE)
2026-09-24 18:25:42.380 [BW] sent=5960 recv=6837 bytes over 1s
2026-09-24 18:25:43.380 [BW] sent=6312 recv=4734 bytes over 1s
2026-09-24 18:25:44.381 [BW] sent=6314 recv=6316 bytes over 1s
2026-09-24 18:25:44.479 [MEMBERSHIP] New member added: 172.22.156.79:8000:1790292344228 (Status: ALIVE)
2026-09-24 18:25:45.380 [BW] sent=6854 recv=5274 bytes over 1s
2026-09-24 18:25:46.380 [BW] sent=7032 recv=5274 bytes over 1s
2026-09-24 18:25:47.380 [BW] sent=7038 recv=10555 bytes over 1s
2026-09-24 18:25:47.441 [MEMBERSHIP] New member added: 172.22.158.78:8000:1790292347192 (Status: ALIVE)
2026-09-24 18:25:48.380 [BW] sent=7574 recv=7663 bytes over 1s
2026-09-24 18:25:49.380 [BW] sent=7752 recv=8721 bytes over 1s
2026-09-24 18:25:50.380 [BW] sent=7756 recv=4850 bytes over 1s
2026-09-24 18:25:51.380 [BW] sent=7760 recv=4850 bytes over 1s
2026-09-24 18:25:52.380 [BW] sent=7760 recv=7760 bytes over 1s
2026-09-24 18:25:53.381 [BW] sent=7760 recv=8730 bytes over 1s
2026-09-24 18:25:54.380 [BW] sent=7760 recv=5820 bytes over 1s
2026-09-24 18:25:55.380 [BW] sent=7760 recv=3880 bytes over 1s
2026-09-24 18:25:56.380 [BW] sent=7760 recv=11640 bytes over 1s
2026-09-24 18:25:57.380 [BW] sent=7760 recv=5820 bytes over 1s
2026-09-24 18:25:58.380 [BW] sent=7760 recv=7760 bytes over 1s
2026-09-24 18:25:59.380 [BW] sent=7760 recv=7760 bytes over 1s
2026-09-24 18:26:00.380 [BW] sent=7760 recv=10670 bytes over 1s
2026-09-24 18:26:01.380 [BW] sent=7760 recv=10670 bytes over 1s
2026-09-24 18:26:02.380 [BW] sent=7760 recv=10670 bytes over 1s
2026-09-24 18:26:03.381 [BW] sent=7760 recv=5820 bytes over 1s
2026-09-24 18:26:04.380 [BW] sent=7760 recv=4850 bytes over 1s
2026-09-24 18:26:05.380 [BW] sent=7760 recv=7760 bytes over 1s
2026-09-24 18:26:06.380 [BW] sent=7760 recv=4850 bytes over 1s
2026-09-24 18:26:06.713 [FAILURE] Communicated failure: 172.22.94.75:8000:1790292263125 confirmed DEAD
2026-09-24 18:26:06.964 [FAILURE] Communicated failure: 172.22.156.77:8000:1790292266191 confirmed DEAD
2026-09-24 18:26:07.180 [FAILURE] Detected failure of 172.22.158.76:8000:1790292268648: no heartbeat for 2.529s
2026-09-24 18:26:07.380 [BW] sent=7758 recv=6788 bytes over 1s
2026-09-24 18:26:08.380 [BW] sent=7744 recv=7744 bytes over 1s
2026-09-24 18:26:09.380 [BW] sent=7744 recv=5808 bytes over 1s
2026-09-24 18:26:10.380 [BW] sent=7750 recv=6783 bytes over 1s
2026-09-24 18:26:10.780 [MEMBERSHIP] Removed 172.22.94.75:8000:1790292263125 (DEAD)
2026-09-24 18:26:10.980 [MEMBERSHIP] Removed 172.22.156.77:8000:1790292266191 (DEAD)
2026-09-24 18:26:11.180 [MEMBERSHIP] Removed 172.22.158.76:8000:1790292268648 (DEAD)
2026-09-24 18:26:11.380 [BW] sent=7216 recv=2639 bytes over 1s
2026-09-24 18:26:12.380 [BW] sent=5602 recv=2802 bytes over 1s
2026-09-24 18:26:13.380 [BW] sent=7010 recv=4907 bytes over 1s
2026-09-24 18:26:14.380 [BW] sent=4206 recv=5608 bytes over 1s
2026-09-24 18:26:15.380 [BW] sent=5608 recv=7010 bytes over 1s
2026-09-24 18:26:16.381 [BW] sent=7010 recv=6309 bytes over 1s
2026-09-24 18:26:17.380 [BW] sent=4206 recv=4206 bytes over 1s
2026-09-24 18:26:18.380 [BW] sent=7010 recv=2804 bytes over 1s
2026-09-24 18:26:19.380 [BW] sent=4206 recv=5608 bytes over 1s
2026-09-24 18:26:20.380 [BW] sent=5608 recv=7010 bytes over 1s
2026-09-24 18:26:21.380 [BW] sent=5608 recv=2804 bytes over 1s
2026-09-24 18:26:21.691 [MEMBERSHIP] New member added: 172.22.94.75:8000:1790292381450 (Status: ALIVE)
2026-09-24 18:26:22.380 [BW] sent=5960 recv=7626 bytes over 1s
2026-09-24 18:26:23.380 [BW] sent=6312 recv=7890 bytes over 1s
2026-09-24 18:26:23.941 [MEMBERSHIP] New member added: 172.22.156.77:8000:1790292383835 (Status: ALIVE)
2026-09-24 18:26:24.380 [BW] sent=6494 recv=6494 bytes over 1s
2026-09-24 18:26:25.380 [BW] sent=7032 recv=7911 bytes over 1s
2026-09-24 18:26:26.381 [BW] sent=7032 recv=5275 bytes over 1s
2026-09-24 18:26:27.337 [MEMBERSHIP] New member added: 172.22.158.76:8000:1790292387164 (Status: ALIVE)
2026-09-24 18:26:27.380 [BW] sent=7040 recv=9769 bytes over 1s
2026-09-24 18:26:28.380 [BW] sent=7752 recv=8721 bytes over 1s
2026-09-24 18:26:29.381 [BW] sent=7752 recv=10659 bytes over 1s
2026-09-24 18:26:30.380 [BW] sent=7756 recv=5820 bytes over 1s
2026-09-24 18:26:31.380 [BW] sent=7760 recv=7760 bytes over 1s
2026-09-24 18:26:32.380 [BW] sent=7760 recv=8730 bytes over 1s
2026-09-24 18:26:33.380 [BW] sent=7760 recv=4850 bytes over 1s
2026-09-24 18:26:34.380 [BW] sent=7760 recv=5820 bytes over 1s
2026-09-24 18:26:35.380 [BW] sent=7760 recv=10670 bytes over 1s
2026-09-24 18:26:36.380 [BW] sent=7760 recv=5820 bytes over 1s
2026-09-24 18:26:37.380 [BW] sent=7760 recv=8730 bytes over 1s
2026-09-24 18:26:38.380 [BW] sent=7760 recv=2910 bytes over 1s
2026-09-24 18:26:39.380 [BW] sent=7760 recv=9700 bytes over 1s
2026-09-24 18:26:40.380 [BW] sent=7760 recv=4850 bytes over 1s
2026-09-24 18:26:41.380 [BW] sent=7760 recv=7760 bytes over 1s
2026-09-24 18:26:42.380 [BW] sent=7760 recv=8730 bytes over 1s
2026-09-24 18:26:43.380 [BW] sent=7760 recv=7760 bytes over 1s
2026-09-24 18:26:44.380 [BW] sent=7760 recv=9700 bytes over 1s
2026-09-24 18:26:45.380 [BW] sent=7760 recv=5820 bytes over 1s
2026-09-24 18:26:46.380 [BW] sent=7760 recv=9701 bytes over 1s
2026-09-24 18:26:47.380 [BW] sent=7768 recv=6796 bytes over 1s
2026-09-24 18:26:48.380 [BW] sent=7768 recv=8739 bytes over 1s
2026-09-24 18:26:49.380 [BW] sent=7770 recv=6802 bytes over 1s
